1: CREATE SCHEMA dropped_schema;
CREATE
1: SET search_path TO dropped_schema;
SET
1: SELECT diskquota.set_schema_quota('dropped_schema', '1 MB');
 set_schema_quota 
------------------
                  
(1 row)
1: SELECT diskquota.wait_for_worker_new_epoch();
 wait_for_worker_new_epoch 
---------------------------
 t                         
(1 row)
1: CREATE TABLE dropped_table(id int) DISTRIBUTED BY (id);
CREATE
1: INSERT INTO dropped_table SELECT generate_series(1, 100000);
INSERT 100000
1: SELECT diskquota.wait_for_worker_new_epoch();
 wait_for_worker_new_epoch 
---------------------------
 t                         
(1 row)
1: DROP TABLE dropped_table;
DROP
1q: ... <quitting>

!\retcode gpstop -afr;
-- start_ignore
-- end_ignore
(exited with code 0)

1: SELECT pg_table_size('dropped_table'::regclass::oid) size;
ERROR:  relation "dropped_table" does not exist
LINE 1: SELECT pg_table_size('dropped_table'::regclass::oid) size;
                             ^
1: SELECT size FROM diskquota.table_size WHERE NOT EXISTS (SELECT 1 FROM pg_class WHERE tableid = oid) AND segid = -1;
 size 
------
(0 rows)
1: DROP SCHEMA dropped_schema CASCADE;
DROP
1q: ... <quitting>
